src/components/NFCScanModal.tsx(87,19): error TS2322: Type 'string | StaticImageData' is not assignable to type 'string | Blob | undefined'.
  Type 'StaticImageData' is not assignable to type 'string | Blob | undefined'.
src/components/NFCScanModal.tsx(139,17): error TS2322: Type 'string | StaticImageData' is not assignable to type 'string | Blob | undefined'.
  Type 'StaticImageData' is not assignable to type 'string | Blob | undefined'.
src/components/NFCScanModal.tsx(169,18): error TS18048: 'card.story' is possibly 'undefined'.
src/components/StoryModal.tsx(31,42): error TS18048: 'card.story' is possibly 'undefined'.
src/components/StoryModal.tsx(31,60): error TS18048: 'card.story' is possibly 'undefined'.
src/components/StoryModal.tsx(39,15): error TS2322: Type 'string | StaticImageData' is not assignable to type 'string | Blob | undefined'.
  Type 'StaticImageData' is not assignable to type 'string | Blob | undefined'.
src/components/StoryModal.tsx(104,19): error TS2322: Type 'string | StaticImageData' is not assignable to type 'string | Blob | undefined'.
  Type 'StaticImageData' is not assignable to type 'string | Blob | undefined'.
src/components/ui/calendar.tsx(45,9): error TS2353: Object literal may only specify known properties, and 'IconLeft' does not exist in type 'Partial<CustomComponents>'.
src/components/ui/chart.tsx(106,7): error TS2339: Property 'payload' does not exist on type 'Omit<Omit<Props<ValueType, NameType>, PropertiesReadFromContext> & { active?: boolean | undefined; allowEscapeViewBox?: AllowInDimension | undefined; ... 24 more ...; wrapperStyle?: CSSProperties | undefined; } & ClassAttributes<...> & HTMLAttributes<...> & { ...; }, "ref">'.
src/components/ui/chart.tsx(111,7): error TS2339: Property 'label' does not exist on type 'Omit<Omit<Props<ValueType, NameType>, PropertiesReadFromContext> & { active?: boolean | undefined; allowEscapeViewBox?: AllowInDimension | undefined; ... 24 more ...; wrapperStyle?: CSSProperties | undefined; } & ClassAttributes<...> & HTMLAttributes<...> & { ...; }, "ref">'.
src/components/ui/chart.tsx(163,25): error TS7006: Parameter 'item' implicitly has an 'any' type.
src/components/ui/chart.tsx(163,31): error TS7006: Parameter 'index' implicitly has an 'any' type.
src/components/ui/chart.tsx(233,41): error TS2344: Type '"payload" | "verticalAlign"' does not satisfy the constraint '"string" | "k" | "path" | "href" | "origin" | "media" | "name" | "filter" | "fill" | "values" | "type" | "method" | "children" | "className" | "slot" | "style" | "clipPath" | "mask" | ... 431 more ... | "onBBoxUpdate"'.
  Type '"payload"' is not assignable to type '"string" | "k" | "path" | "href" | "origin" | "media" | "name" | "filter" | "fill" | "values" | "type" | "method" | "children" | "className" | "slot" | "style" | "clipPath" | "mask" | ... 431 more ... | "onBBoxUpdate"'.
src/components/ui/chart.tsx(240,17): error TS2339: Property 'length' does not exist on type '{}'.
src/components/ui/chart.tsx(249,16): error TS2339: Property 'map' does not exist on type '{}'.
src/components/ui/chart.tsx(249,21): error TS7006: Parameter 'item' implicitly has an 'any' type.
src/components/ui/resizable.tsx(6,102): error TS2339: Property 'PanelGroup' does not exist on type 'typeof import("D:/Minh/FU_Learning/EXE202/PixelMage/project_src/FE/px-mage-customer/node_modules/.pnpm/react-resizable-panels@4.7._795e2aac49a45b3acd0f24d0867d3fd1/node_modules/react-resizable-panels/dist/react-resizable-panels")'.
src/components/ui/resizable.tsx(7,23): error TS2339: Property 'PanelGroup' does not exist on type 'typeof import("D:/Minh/FU_Learning/EXE202/PixelMage/project_src/FE/px-mage-customer/node_modules/.pnpm/react-resizable-panels@4.7._795e2aac49a45b3acd0f24d0867d3fd1/node_modules/react-resizable-panels/dist/react-resizable-panels")'.
src/components/ui/resizable.tsx(19,51): error TS2339: Property 'PanelResizeHandle' does not exist on type 'typeof import("D:/Minh/FU_Learning/EXE202/PixelMage/project_src/FE/px-mage-customer/node_modules/.pnpm/react-resizable-panels@4.7._795e2aac49a45b3acd0f24d0867d3fd1/node_modules/react-resizable-panels/dist/react-resizable-panels")'.
src/components/ui/resizable.tsx(22,23): error TS2339: Property 'PanelResizeHandle' does not exist on type 'typeof import("D:/Minh/FU_Learning/EXE202/PixelMage/project_src/FE/px-mage-customer/node_modules/.pnpm/react-resizable-panels@4.7._795e2aac49a45b3acd0f24d0867d3fd1/node_modules/react-resizable-panels/dist/react-resizable-panels")'.
src/components/ui/resizable.tsx(34,24): error TS2339: Property 'PanelResizeHandle' does not exist on type 'typeof import("D:/Minh/FU_Learning/EXE202/PixelMage/project_src/FE/px-mage-customer/node_modules/.pnpm/react-resizable-panels@4.7._795e2aac49a45b3acd0f24d0867d3fd1/node_modules/react-resizable-panels/dist/react-resizable-panels")'.
src/contexts/CommunityContext.tsx(76,7): error TS2322: Type 'string | StaticImageData' is not assignable to type 'string'.
  Type 'StaticImageData' is not assignable to type 'string'.
